
   FAIL  Tests\Feature\Api\ApiAccessTest
  Γ¿» api enΓÇª 0.89s  
  Γ¿» regulaΓÇª 0.09s  
  Γ¿» superuΓÇª 0.05s  
  Γ¿» superuΓÇª 0.06s  
  ΓöÇΓöÇΓöÇΓöÇΓöÇΓöÇΓöÇΓöÇΓöÇΓöÇΓöÇΓöÇΓöÇΓöÇΓöÇ  
   FAILED  Tests\Feature\Api\ApiAccessTest > api endpoints are protected from guards  BindingResolutionException   
  Target class [role] does not exist.

  at vendor\laravel\framework\src\Illuminate\Container\Container.php:1122
    1118Γûò             }
    1119Γûò         }
    1120Γûò 
    1121Γûò         try {
  Γ₧£ 1122Γûò             $reflector = new ReflectionClass($concrete);
    1123Γûò         } catch (ReflectionException $e) {
    1124Γûò             throw new BindingResolutionException("Target class [$concrete] does not exist.", 0, $e);
    1125Γûò         }
    1126Γûò

  1   vendor\laravel\framework\src\Illuminate\Container\Container.php:1122
  2   vendor\laravel\framework\src\Illuminate\Container\Container.php:933

  ΓöÇΓöÇΓöÇΓöÇΓöÇΓöÇΓöÇΓöÇΓöÇΓöÇΓöÇΓöÇΓöÇΓöÇΓöÇ  
   FAILED  Tests\Feature\Api\ApiAccessTest > regular user cannot access api  BindingResolutionException   
  Target class [role] does not exist.

  at vendor\laravel\framework\src\Illuminate\Container\Container.php:1122
    1118Γûò             }
    1119Γûò         }
    1120Γûò 
    1121Γûò         try {
  Γ₧£ 1122Γûò             $reflector = new ReflectionClass($concrete);
    1123Γûò         } catch (ReflectionException $e) {
    1124Γûò             throw new BindingResolutionException("Target class [$concrete] does not exist.", 0, $e);
    1125Γûò         }
    1126Γûò

  1   vendor\laravel\framework\src\Illuminate\Container\Container.php:1122
  2   vendor\laravel\framework\src\Illuminate\Container\Container.php:933

  ΓöÇΓöÇΓöÇΓöÇΓöÇΓöÇΓöÇΓöÇΓöÇΓöÇΓöÇΓöÇΓöÇΓöÇΓöÇ  
   FAILED  Tests\Feature\Api\ApiAccessTest > superuser can access api  BindingResolutionException   
  Target class [role] does not exist.

  at vendor\laravel\framework\src\Illuminate\Container\Container.php:1122
    1118Γûò             }
    1119Γûò         }
    1120Γûò 
    1121Γûò         try {
  Γ₧£ 1122Γûò             $reflector = new ReflectionClass($concrete);
    1123Γûò         } catch (ReflectionException $e) {
    1124Γûò             throw new BindingResolutionException("Target class [$concrete] does not exist.", 0, $e);
    1125Γûò         }
    1126Γûò

  1   vendor\laravel\framework\src\Illuminate\Container\Container.php:1122
  2   vendor\laravel\framework\src\Illuminate\Container\Container.php:933

  ΓöÇΓöÇΓöÇΓöÇΓöÇΓöÇΓöÇΓöÇΓöÇΓöÇΓöÇΓöÇΓöÇΓöÇΓöÇ  
   FAILED  Tests\Feature\Api\ApiAccessTest > superuser can access products api  BindingResolutionException   
  Target class [role] does not exist.

  at vendor\laravel\framework\src\Illuminate\Container\Container.php:1122
    1118Γûò             }
    1119Γûò         }
    1120Γûò 
    1121Γûò         try {
  Γ₧£ 1122Γûò             $reflector = new ReflectionClass($concrete);
    1123Γûò         } catch (ReflectionException $e) {
    1124Γûò             throw new BindingResolutionException("Target class [$concrete] does not exist.", 0, $e);
    1125Γûò         }
    1126Γûò

  1   vendor\laravel\framework\src\Illuminate\Container\Container.php:1122
  2   vendor\laravel\framework\src\Illuminate\Container\Container.php:933


  Tests:    4 failed (0 assertions)
  Duration: 1.70s

